// Jest Snapshot v1, https://goo.gl/fbAQLP

exports[`missing mapped component throws 1`] = `"Could not find a component mapping for type \\"1\\"."`;

exports[`typical usage 1`] = `
Array [
  <div>
    Type 1: {"data":1,"list":[1,2],"index":0,"type":1}
  </div>,
  <div>
    Type 2: {"data":2,"list":[1,2],"index":1,"type":2}
  </div>,
]
`;
